../Core/Src/main.c:90:5:main	120	static
../Core/Src/main.c:202:6:SystemClock_Config	88	static
../Core/Src/main.c:247:6:PeriphCommonClock_Config	32	static
../Core/Src/main.c:268:13:MX_I2C1_Init	8	static
../Core/Src/main.c:302:13:MX_I2S2_Init	8	static
../Core/Src/main.c:336:13:MX_I2S3_Init	8	static
../Core/Src/main.c:370:13:MX_SPI1_Init	8	static
../Core/Src/main.c:408:13:MX_USB_OTG_FS_HCD_Init	8	static
../Core/Src/main.c:439:13:MX_GPIO_Init	56	static
../Core/Src/main.c:515:6:prvTrafficLightController	16	static
../Core/Src/main.c:581:6:prvTimeMgntTask	16	static
../Core/Src/main.c:631:6:prvLightSet1	16	static
../Core/Src/main.c:670:6:prvLightSet2	16	static
../Core/Src/main.c:709:6:InitTrafficLeds	56	static
../Core/Src/main.c:728:6:Error_Handler	4	static,ignoring_inline_asm
